INFO:     Will watch for changes in these directories: ['/home/disshad/Desktop/Projects/acadai/backend']
INFO:     Uvicorn running on http://0.0.0.0:8000 (Press CTRL+C to quit)
INFO:     Started reloader process [274821] using WatchFiles
2025-11-19 19:25:05,548 - app.services.firebase_service - WARNING - Firebase service account file not found at: ./firebase-service-account.json
2025-11-19 19:25:05,548 - app.services.firebase_service - WARNING - Backend will run with limited functionality. Frontend authentication will still work.
2025-11-19 19:25:05,548 - app.services.firebase_service - WARNING - To enable full backend features, add firebase-service-account.json to the backend directory.
INFO:     Started server process [274824]
INFO:     Waiting for application startup.
INFO:     Application startup complete.
WARNING:  WatchFiles detected changes in 'app/routers/roadmap.py'. Reloading...
INFO:     Shutting down
INFO:     Waiting for application shutdown.
INFO:     Application shutdown complete.
INFO:     Finished server process [274824]
2025-11-19 19:32:44,015 - app.services.firebase_service - WARNING - Firebase service account file not found at: ./firebase-service-account.json
2025-11-19 19:32:44,015 - app.services.firebase_service - WARNING - Backend will run with limited functionality. Frontend authentication will still work.
2025-11-19 19:32:44,015 - app.services.firebase_service - WARNING - To enable full backend features, add firebase-service-account.json to the backend directory.
INFO:     Started server process [278243]
INFO:     Waiting for application startup.
INFO:     Application startup complete.
INFO:     Shutting down
INFO:     Waiting for application shutdown.
INFO:     Application shutdown complete.
INFO:     Finished server process [278243]
INFO:     Stopping reloader process [274821]
