
> nextn@0.1.0 dev
> next dev --turbopack -p 9002

   ▲ Next.js 15.3.3 (Turbopack)
   - Local:        http://localhost:9002
   - Network:      http://10.100.104.245:9002
   - Environments: .env.local

 ✓ Starting...
 ✓ Ready in 1559ms
 ○ Compiling / ...

warn - The safelist pattern `/group-hover:\[animation-play-state:paused\]/` doesn't match any Tailwind CSS classes.
warn - Fix this pattern or remove it from your `safelist` configuration.
warn - https://tailwindcss.com/docs/content-configuration#safelisting-classes

warn - The safelist pattern `/\[animation-direction:reverse\]/` doesn't match any Tailwind CSS classes.
warn - Fix this pattern or remove it from your `safelist` configuration.
warn - https://tailwindcss.com/docs/content-configuration#safelisting-classes
 ✓ Compiled / in 7.8s
 GET / 200 in 8604ms
 ○ Compiling /login ...
 ✓ Compiled /login in 2.5s
 GET /login 200 in 2518ms
 ○ Compiling /onboarding ...
 ✓ Compiled /onboarding in 2.5s
 GET /onboarding 200 in 2581ms
 ○ Compiling /dashboard ...
 ✓ Compiled /dashboard in 2.6s
 GET /dashboard 200 in 2640ms
 ○ Compiling /dashboard/my-roadmap ...
 ✓ Compiled /dashboard/my-roadmap in 1987ms
 GET /dashboard/my-roadmap 200 in 2041ms
 GET /dashboard 200 in 69ms
 GET /dashboard/my-roadmap 200 in 65ms
 ○ Compiling /roadmap/[domain] ...
 ✓ Compiled /roadmap/[domain] in 3.9s
 GET /roadmap/frontend 200 in 4610ms
 GET /roadmap/frontend 200 in 227ms
 ✓ Compiled in 334ms
 ✓ Compiled in 270ms
 ✓ Compiled in 239ms
 ✓ Compiled in 219ms
 ✓ Compiled in 416ms
 ✓ Compiled in 244ms
 GET / 200 in 107ms
 GET /login 200 in 53ms
 GET /dashboard 200 in 61ms
 GET /dashboard/my-roadmap 200 in 64ms
 GET /roadmap/frontend 200 in 280ms
 GET /roadmap/frontend 200 in 112ms
 GET / 200 in 71ms
 GET / 200 in 50ms
 GET /login 200 in 62ms
 GET /dashboard 200 in 71ms
 GET /dashboard/my-roadmap 200 in 71ms
 GET /roadmap/cybersecurity 200 in 160ms
 GET /roadmap/cybersecurity 200 in 51ms
 GET /dashboard 200 in 80ms
 GET / 200 in 103ms

warn - The safelist pattern `/group-hover:\[animation-play-state:paused\]/` doesn't match any Tailwind CSS classes.
warn - Fix this pattern or remove it from your `safelist` configuration.
warn - https://tailwindcss.com/docs/content-configuration#safelisting-classes

warn - The safelist pattern `/\[animation-direction:reverse\]/` doesn't match any Tailwind CSS classes.
warn - Fix this pattern or remove it from your `safelist` configuration.
warn - https://tailwindcss.com/docs/content-configuration#safelisting-classes
 GET / 200 in 333ms
 GET / 200 in 53ms
 GET / 200 in 286ms
 GET / 200 in 68ms
 GET / 200 in 290ms
 GET / 200 in 62ms
 ✓ Compiled in 439ms
 GET / 200 in 363ms
 GET / 200 in 52ms
 ✓ Compiled in 311ms
[?25h
